<html>
<body>
<pre>
<h1>µVision Build Log</h1>
<h2>Tool Versions:</h2>
IDE-Version: É Vision V5.42.0.0
Copyright (C) 2025 ARM Ltd and ARM Germany GmbH. All rights reserved.
License Information: y y, y, LIC=----
 
Tool Versions:
Toolchain:       MDK-Lite  Version: 5.42.0.0
Toolchain Path:  C:\Users\gooba\AppData\Local\Keil_v5\ARM\ARMCLANG\Bin
C Compiler:      ArmClang.exe V6.23
Assembler:       Armasm.exe V6.23
Linker/Locator:  ArmLink.exe V6.23
Library Manager: ArmAr.exe V6.23
Hex Converter:   FromElf.exe V6.23
CPU DLL:         SARMCM3.DLL V5.42.0.0
Dialog DLL:      DARMCM1.DLL V1.19.6.0
Target DLL:      CMSIS_AGDI.dll V1.33.22.0
Dialog DLL:      TARMCM1.DLL V1.14.6.0
 
<h2>Project:</h2>
D:\my\LPC1114\code\bath_timer\lcd.uvprojx
Project File Date:  04/17/2025

<h2>Output:</h2>
*** Using Compiler 'V6.23', folder: 'C:\Users\gooba\AppData\Local\Keil_v5\ARM\ARMCLANG\Bin'
Build target 'Target 1'
compiling main.c...
linking...
Program Size: Code=692 RO-data=208 RW-data=0 ZI-data=608  
".\Objects\lcd.axf" - 0 Error(s), 0 Warning(s).

<h2>Software Packages used:</h2>

<h2>Collection of Component include folders:</h2>

<h2>Collection of Component Files used:</h2>
Build Time Elapsed:  00:00:00
</pre>
</body>
</html>
